// Jest Snapshot v1, https://goo.gl/fbAQLP

exports[`Snapshot-Testing Works 1`] = `
<div
  className="studentLayout"
  data-jsx={3724175818}
>
  <div
    className="header"
    data-jsx={3724175818}
  >
    <button
      className="ui basic icon button"
      disabled={undefined}
      onClick={[Function]}
      tabIndex={undefined}
    >
      <i
        aria-hidden="true"
        className="content icon"
      />
    </button>
    <h1
      data-jsx={3724175818}
    >
      Feedback-Channel
    </h1>
  </div>
  <div
    className="content"
    data-jsx={3724175818}
  >
    <div
      className="sidebar"
      data-jsx={3743778143}
    >
      <div
        className="pushable"
      >
        <div
          className="ui vertical labeled icon ui overlay left wide sidebar sidebarMenu menu"
        >
          <a
            className="item"
            onClick={[Function]}
          >
            <span>
              Active Question
            </span>
          </a>
          <a
            className="active item"
            onClick={[Function]}
          >
            <span>
              Feedback-Channel
            </span>
          </a>
        </div>
        <div
          className="pusher"
        >
          <div
            className="feedbackChannel"
            data-jsx={2117537256}
          >
            <div
              className="confusionArea"
              data-jsx={2117537256}
            >
              <h2
                data-jsx={2117537256}
              >
                Speed
              </h2>
              <div
                className="confusionSlider"
                data-jsx={2117537256}
              >
                <div
                  className="rangeslider rangeslider-horizontal"
                  onMouseDown={[Function]}
                  onMouseUp={[Function]}
                  onTouchEnd={[Function]}
                  onTouchStart={[Function]}
                >
                  <div
                    className="rangeslider__fill"
                    style={
                      Object {
                        "width": "0px",
                      }
                    }
                  />
                  <div
                    className="rangeslider__handle"
                    onMouseDown={[Function]}
                    onTouchEnd={[Function]}
                    onTouchMove={[Function]}
                    style={
                      Object {
                        "left": "0px",
                      }
                    }
                  >
                    <div
                      className="rangeslider__tooltip"
                    >
                      <span>
                        0
                      </span>
                    </div>
                  </div>
                </div>
              </div>
              <h2
                data-jsx={2117537256}
              >
                Difficulty
              </h2>
              <div
                className="confusionSlider"
                data-jsx={2117537256}
              >
                <div
                  className="rangeslider rangeslider-horizontal"
                  onMouseDown={[Function]}
                  onMouseUp={[Function]}
                  onTouchEnd={[Function]}
                  onTouchStart={[Function]}
                >
                  <div
                    className="rangeslider__fill"
                    style={
                      Object {
                        "width": "0px",
                      }
                    }
                  />
                  <div
                    className="rangeslider__handle"
                    onMouseDown={[Function]}
                    onTouchEnd={[Function]}
                    onTouchMove={[Function]}
                    style={
                      Object {
                        "left": "0px",
                      }
                    }
                  >
                    <div
                      className="rangeslider__tooltip"
                    >
                      <span>
                        0
                      </span>
                    </div>
                  </div>
                </div>
              </div>
            </div>
            <div
              className="feedbacks"
              data-jsx={2117537256}
            >
              <div
                className="feedback"
                data-jsx={2117537256}
              >
                <div
                  className="feedback"
                  data-jsx={1568002809}
                >
                  <div
                    className="content"
                    data-jsx={1568002809}
                  >
                    hello world
                  </div>
                  <div
                    className="votes"
                    data-jsx={1568002809}
                  >
                    +
                    100
                  </div>
                </div>
              </div>
              <div
                className="feedback"
                data-jsx={2117537256}
              >
                <div
                  className="feedback"
                  data-jsx={1568002809}
                >
                  <div
                    className="content"
                    data-jsx={1568002809}
                  >
                    blablbla
                  </div>
                  <div
                    className="votes"
                    data-jsx={1568002809}
                  >
                    +
                    50
                  </div>
                </div>
              </div>
              <div
                className="feedback"
                data-jsx={2117537256}
              >
                <div
                  className="feedback"
                  data-jsx={1568002809}
                >
                  <div
                    className="content"
                    data-jsx={1568002809}
                  >
                    hello
                  </div>
                  <div
                    className="votes"
                    data-jsx={1568002809}
                  >
                    +
                    25
                  </div>
                </div>
              </div>
              <div
                className="feedback"
                data-jsx={2117537256}
              >
                <div
                  className="feedback"
                  data-jsx={1568002809}
                >
                  <div
                    className="content"
                    data-jsx={1568002809}
                  >
                    hooi
                  </div>
                  <div
                    className="votes"
                    data-jsx={1568002809}
                  >
                    +
                    10
                  </div>
                </div>
              </div>
            </div>
            <div
              className="actionButton"
              data-jsx={2117537256}
            >
              <button
                className="ui large circular icon primary button"
                disabled={undefined}
                onClick={[Function]}
                tabIndex={undefined}
              >
                <i
                  aria-hidden="true"
                  className="plus icon"
                />
              </button>
            </div>
          </div>
        </div>
      </div>
    </div>
  </div>
</div>
`;
