// Jest Snapshot v1, https://goo.gl/fbAQLP

exports[`Snapshot-Testing Works 1`] = `
<div
  className="staticLayout"
  data-jsx={2161656035}
>
  <div
    className="content"
    data-jsx={2161656035}
  >
    <div
      className="login"
      data-jsx={1688187079}
    >
      <h1
        data-jsx={1688187079}
      >
        <span>
          Reset password
        </span>
      </h1>
      <form
        className="ui form error"
        data-jsx={2063282003}
      >
        <div
          className="required field"
        >
          <label
            data-jsx={1632341904}
            forHtml="email"
          >
            Email
          </label>
          <input
            data-jsx={1632341904}
            name="email"
            onBlur={[Function]}
            onChange={[Function]}
            onDragStart={[Function]}
            onDrop={[Function]}
            onFocus={[Function]}
            placeholder="Email"
            type="email"
            value=""
          />
        </div>
        <div
          className="actionArea"
          data-jsx={2063282003}
        >
          <button
            className="ui primary disabled button semanticButton"
            disabled={true}
            onClick={[Function]}
            role="button"
            tabIndex={-1}
            type="submit"
          >
            Submit
          </button>
          <div
            className="links"
            data-jsx={2063282003}
          >
            <div
              className="ui list"
              role="list"
            >
              <div
                className="item"
                data-value={undefined}
                onClick={[Function]}
                role="listitem"
              >
                <a
                  data-jsx={2063282003}
                  href="/user/login"
                  onClick={[Function]}
                >
                  Back to login
                </a>
              </div>
            </div>
          </div>
        </div>
      </form>
    </div>
  </div>
  <footer
    data-jsx={2161656035}
  >
    Â© IBF
  </footer>
</div>
`;
