// Jest Snapshot v1, https://goo.gl/fbAQLP

exports[`Snapshot-Testing Works 1`] = `
<div
  className="teacherLayout"
  data-jsx={3320318560}
>
  <div
    className="navbar"
    data-jsx={3320318560}
  >
    <div
      className="navbar"
      data-jsx={2070704589}
    >
      <div
        className="sideArea"
        data-jsx={2070704589}
      >
        <div
          className="ui borderless noBorder menu"
        >
          <a
            className="icon item"
            onClick={[Function]}
          >
            <i
              aria-hidden="true"
              className="sidebar icon"
            />
          </a>
          <h1
            data-jsx={2070704589}
          >
            Question Pool
          </h1>
        </div>
      </div>
      <div
        className="searchArea"
        data-jsx={2070704589}
      >
        <div
          className="ui fluid icon input"
        >
          <input
            disabled={undefined}
            onChange={[Function]}
            placeholder="Search..."
            tabIndex={undefined}
            type="text"
          />
          <i
            aria-hidden="true"
            className="search icon"
          />
        </div>
      </div>
      <div
        className="accountArea"
        data-jsx={2070704589}
      >
        <div
          className="ui borderless noBorder menu"
        >
          <div
            className="right menu"
          >
            <a
              className="item"
              onBlur={[Function]}
              onClick={[Function]}
              onFocus={[Function]}
              onMouseEnter={[Function]}
              onMouseLeave={[Function]}
            >
              /sessions/
              AW
               
              <i
                aria-hidden="true"
                className="qrcode icon"
              />
            </a>
            <div
              aria-busy={undefined}
              aria-disabled={undefined}
              aria-expanded={false}
              aria-multiselectable={undefined}
              className="ui item simple dropdown"
              onBlur={[Function]}
              onChange={[Function]}
              onClick={[Function]}
              onFocus={[Function]}
              onMouseDown={[Function]}
              role="listbox"
              tabIndex={0}
            >
              <div
                aria-live="polite"
                className="text"
                role="alert"
              >
                AW
              </div>
              <i
                aria-hidden="true"
                className="dropdown icon"
                onClick={[Function]}
              />
              <div
                className="menu transition"
              >
                <div
                  aria-checked={undefined}
                  aria-disabled={undefined}
                  aria-selected={undefined}
                  className="item"
                  onClick={[Function]}
                  role="option"
                >
                  <span>
                    Settings
                  </span>
                </div>
                <div
                  aria-checked={undefined}
                  aria-disabled={undefined}
                  aria-selected={undefined}
                  className="item"
                  onClick={[Function]}
                  role="option"
                >
                  <span>
                    Logout
                  </span>
                </div>
              </div>
            </div>
          </div>
        </div>
      </div>
    </div>
  </div>
  <div
    className="content"
    data-jsx={3320318560}
  >
    <div
      className="sidebar"
      data-jsx={3743778143}
    >
      <div
        className="pushable"
      >
        <div
          className="ui vertical labeled icon ui overlay left wide sidebar sidebarMenu menu"
        >
          <a
            className="active item"
            onClick={[Function]}
          >
            <span>
              Question Pool
            </span>
          </a>
          <a
            className="item"
            onClick={[Function]}
          >
            <span>
              Session History
            </span>
          </a>
          <a
            className="item"
            onClick={[Function]}
          >
            <span>
              Running Session
            </span>
          </a>
        </div>
        <div
          className="pusher"
        >
          <div
            className="questionPool"
            data-jsx={2510959526}
          >
            <div
              className="tagList"
              data-jsx={2510959526}
            >
              <div>
                Loading
              </div>
            </div>
            <div
              className="questionList"
              data-jsx={2510959526}
            >
              <div>
                Loading
              </div>
            </div>
          </div>
        </div>
      </div>
    </div>
  </div>
  <div
    className="actionArea"
    data-jsx={3320318560}
  >
    <button
      className="ui huge circular icon primary button actionButton"
      disabled={undefined}
      onClick={[Function]}
      role="button"
      tabIndex={undefined}
    >
      <i
        aria-hidden="true"
        className="plus icon"
      />
    </button>
  </div>
</div>
`;
